<?xml version="1.0" encoding="utf-8"?>
<TestRun id="981943fe-1e98-42bf-95ad-036d89397a9f" name="@runnervmf4ws1 2025-09-10 21:44:05" xmlns="http://microsoft.com/schemas/VisualStudio/TeamTest/2010">
  <Times creation="2025-09-10T21:44:05.1979612+00:00" queuing="2025-09-10T21:44:05.1979613+00:00" start="2025-09-10T21:44:02.1013724+00:00" finish="2025-09-10T21:44:05.3231663+00:00" />
  <TestSettings name="default" id="6b7557b7-2726-457e-b639-f16de4269c9e">
    <Deployment runDeploymentRoot="_runnervmf4ws1_2025-09-10_21_44_05" />
  </TestSettings>
  <Results>
    <UnitTestResult executionId="423f040c-f6c0-4447-858a-5e0c7a18ec1a" testId="45c0ed35-3801-fd39-72e9-842befa716d9" testName="BuckScience.Tests.Application.SeasonMonthMappingServiceTests.RemovePropertySeasonOverrideAsync_ReturnsFalse_WhenNoOverrideExists" computerName="runnervmf4ws1" duration="00:00:00.0021722" startTime="2025-09-10T21:44:05.2067996+00:00" endTime="2025-09-10T21:44:05.2067998+00:00" testType="13cdc9d9-ddb5-4fa4-a97d-d965ccfc6d4b" outcome="Passed" testListId="8c84fa94-04c1-424b-9868-57a2d4851a1d" relativeResultsDirectory="423f040c-f6c0-4447-858a-5e0c7a18ec1a" />
    <UnitTestResult executionId="9be87c9e-2242-4821-8e35-d8bd8bb92fa1" testId="883b640c-041a-1680-ac03-f244d5532ee9" testName="BuckScience.Tests.Application.SeasonMonthMappingServiceTests.GetPrimarySeasonForDateAsync_NoMatches_ReturnsNull" computerName="runnervmf4ws1" duration="00:00:00.0987587" startTime="2025-09-10T21:44:05.1634460+00:00" endTime="2025-09-10T21:44:05.1634462+00:00" testType="13cdc9d9-ddb5-4fa4-a97d-d965ccfc6d4b" outcome="Passed" testListId="8c84fa94-04c1-424b-9868-57a2d4851a1d" relativeResultsDirectory="9be87c9e-2242-4821-8e35-d8bd8bb92fa1" />
    <UnitTestResult executionId="9b91cfca-86a0-49cf-b72f-3e7f271bb722" testId="89a69faa-d4fe-30f7-2dd0-a490e26ff484" testName="BuckScience.Tests.Application.SeasonMonthMappingServiceTests.GetMonthsForPropertyAsync_WithoutOverrides_ReturnsCorrectDefaults(season: EarlySeason, expectedMonths: [9, 10])" computerName="runnervmf4ws1" duration="00:00:00.0137225" startTime="2025-09-10T21:44:05.0625869+00:00" endTime="2025-09-10T21:44:05.0625870+00:00" testType="13cdc9d9-ddb5-4fa4-a97d-d965ccfc6d4b" outcome="Passed" testListId="8c84fa94-04c1-424b-9868-57a2d4851a1d" relativeResultsDirectory="9b91cfca-86a0-49cf-b72f-3e7f271bb722" />
    <UnitTestResult executionId="124490d4-fd7e-43ad-b6ad-12e496d83bcf" testId="2125ec6c-1902-cfab-5614-578492de27fd" testName="BuckScience.Tests.Application.SeasonMonthMappingServiceTests.GetPrimarySeasonForDateAsync_DefaultMappings_ReturnsExpectedSeason(month: 9, expectedSeason: EarlySeason)" computerName="runnervmf4ws1" duration="00:00:00.0009742" startTime="2025-09-10T21:44:05.1839266+00:00" endTime="2025-09-10T21:44:05.1839266+00:00" testType="13cdc9d9-ddb5-4fa4-a97d-d965ccfc6d4b" outcome="Passed" testListId="8c84fa94-04c1-424b-9868-57a2d4851a1d" relativeResultsDirectory="124490d4-fd7e-43ad-b6ad-12e496d83bcf" />
    <UnitTestResult executionId="3ed24c1e-184a-495a-8b5a-93c6ace9e162" testId="83f86451-fb52-b95e-1b52-9f97603c1dd2" testName="BuckScience.Tests.Application.SeasonMonthMappingServiceTests.HybridLogic_FallsBackToDefaults_WhenOverrideIsInvalid" computerName="runnervmf4ws1" duration="00:00:00.0044845" startTime="2025-09-10T21:44:05.1680085+00:00" endTime="2025-09-10T21:44:05.1680086+00:00" testType="13cdc9d9-ddb5-4fa4-a97d-d965ccfc6d4b" outcome="Passed" testListId="8c84fa94-04c1-424b-9868-57a2d4851a1d" relativeResultsDirectory="3ed24c1e-184a-495a-8b5a-93c6ace9e162" />
    <UnitTestResult executionId="7c0a611f-97f2-4d12-8121-f7abf911e374" testId="072094bf-9963-158f-becb-8dd6d4e2c76c" testName="BuckScience.Tests.Application.SeasonMonthMappingServiceTests.GetMonthsForPropertyAsync_WithoutOverrides_ReturnsCorrectDefaults(season: YearRound, expectedMonths: [1, 2, 3, 4, 5, ...])" computerName="runnervmf4ws1" duration="00:00:00.0004803" startTime="2025-09-10T21:44:05.0642611+00:00" endTime="2025-09-10T21:44:05.0642611+00:00" testType="13cdc9d9-ddb5-4fa4-a97d-d965ccfc6d4b" outcome="Passed" testListId="8c84fa94-04c1-424b-9868-57a2d4851a1d" relativeResultsDirectory="7c0a611f-97f2-4d12-8121-f7abf911e374" />
    <UnitTestResult executionId="12e44d95-722f-422b-af86-84f895b0e316" testId="3c9f33d5-2d26-423b-1412-b916bd1412ce" testName="BuckScience.Tests.Application.SeasonMonthMappingServiceTests.GetActiveSeasonsForDateAsync_WithPropertyOverride_ReturnsCustomSeasons" computerName="runnervmf4ws1" duration="00:00:00.0033661" startTime="2025-09-10T21:44:05.1953743+00:00" endTime="2025-09-10T21:44:05.1953745+00:00" testType="13cdc9d9-ddb5-4fa4-a97d-d965ccfc6d4b" outcome="Passed" testListId="8c84fa94-04c1-424b-9868-57a2d4851a1d" relativeResultsDirectory="12e44d95-722f-422b-af86-84f895b0e316" />
    <UnitTestResult executionId="c16f951b-10c2-4447-a5de-870ec1dfaece" testId="643382d9-252e-669a-df19-e9e242cc0c0b" testName="BuckScience.Tests.Application.SeasonMonthMappingServiceTests.GetMonthsForPropertyAsync_WithoutOverrides_ReturnsCorrectDefaults(season: PreRut, expectedMonths: [10])" computerName="runnervmf4ws1" duration="00:00:00.0005117" startTime="2025-09-10T21:44:05.0637287+00:00" endTime="2025-09-10T21:44:05.0637287+00:00" testType="13cdc9d9-ddb5-4fa4-a97d-d965ccfc6d4b" outcome="Passed" testListId="8c84fa94-04c1-424b-9868-57a2d4851a1d" relativeResultsDirectory="c16f951b-10c2-4447-a5de-870ec1dfaece" />
    <UnitTestResult executionId="2e8501c5-5cc8-466f-b5fd-a81ae50d88ef" testId="81bf2437-7dfa-cad5-f6c7-e16edf6f9d7f" testName="BuckScience.Tests.Application.SeasonMonthMappingServiceTests.GetPrimarySeasonForDateAsync_WithMultipleMatches_ReturnsFirstByEnumOrder" computerName="runnervmf4ws1" duration="00:00:00.0023680" startTime="2025-09-10T21:44:05.2357831+00:00" endTime="2025-09-10T21:44:05.2357832+00:00" testType="13cdc9d9-ddb5-4fa4-a97d-d965ccfc6d4b" outcome="Passed" testListId="8c84fa94-04c1-424b-9868-57a2d4851a1d" relativeResultsDirectory="2e8501c5-5cc8-466f-b5fd-a81ae50d88ef" />
    <UnitTestResult executionId="f0ad39d5-8d7b-4d8a-bbdc-201ddcbd54dc" testId="dcda31af-f667-08b1-cb3b-ad651df24d23" testName="BuckScience.Tests.Application.SeasonMonthMappingServiceTests.SeasonMonthMappingService_SupportsMultipleProperties_WithDifferentOverrides" computerName="runnervmf4ws1" duration="00:00:00.0021526" startTime="2025-09-10T21:44:05.2333292+00:00" endTime="2025-09-10T21:44:05.2333293+00:00" testType="13cdc9d9-ddb5-4fa4-a97d-d965ccfc6d4b" outcome="Passed" testListId="8c84fa94-04c1-424b-9868-57a2d4851a1d" relativeResultsDirectory="f0ad39d5-8d7b-4d8a-bbdc-201ddcbd54dc" />
    <UnitTestResult executionId="53134914-3e75-493e-b2b5-2d87ab5d960b" testId="cd550bc2-0f86-e40a-cd18-9b7914553212" testName="BuckScience.Tests.Application.SeasonMonthMappingServiceTests.GetAllPropertyOverridesAsync_ReturnsEmptyDictionary_WhenNoOverrides" computerName="runnervmf4ws1" duration="00:00:00.0016543" startTime="2025-09-10T21:44:05.2175167+00:00" endTime="2025-09-10T21:44:05.2175168+00:00" testType="13cdc9d9-ddb5-4fa4-a97d-d965ccfc6d4b" outcome="Passed" testListId="8c84fa94-04c1-424b-9868-57a2d4851a1d" relativeResultsDirectory="53134914-3e75-493e-b2b5-2d87ab5d960b" />
    <UnitTestResult executionId="7163f627-5a74-4eb8-98c1-6a18bfc24ed1" testId="796d8eb9-61c1-6124-1220-be5bb72ca768" testName="BuckScience.Tests.Application.SeasonMonthMappingServiceTests.EdgeCase_ConflictingOverrides_UsesOverrideTable" computerName="runnervmf4ws1" duration="00:00:00.0024546" startTime="2025-09-10T21:44:05.2038467+00:00" endTime="2025-09-10T21:44:05.2038467+00:00" testType="13cdc9d9-ddb5-4fa4-a97d-d965ccfc6d4b" outcome="Passed" testListId="8c84fa94-04c1-424b-9868-57a2d4851a1d" relativeResultsDirectory="7163f627-5a74-4eb8-98c1-6a18bfc24ed1" />
    <UnitTestResult executionId="8b54b073-c5a5-4dd5-9a8a-6468415eaf7b" testId="7c2d9e42-a64f-2cb9-82f9-1e417facca20" testName="BuckScience.Tests.Application.SeasonMonthMappingServiceTests.GetMonthsForPropertyAsync_WithoutOverrides_ReturnsCorrectDefaults(season: PostRut, expectedMonths: [12])" computerName="runnervmf4ws1" duration="00:00:00.0005197" startTime="2025-09-10T21:44:05.0631583+00:00" endTime="2025-09-10T21:44:05.0631584+00:00" testType="13cdc9d9-ddb5-4fa4-a97d-d965ccfc6d4b" outcome="Passed" testListId="8c84fa94-04c1-424b-9868-57a2d4851a1d" relativeResultsDirectory="8b54b073-c5a5-4dd5-9a8a-6468415eaf7b" />
    <UnitTestResult executionId="84ec725a-e765-47c7-96b8-07787a78039e" testId="d593ac04-048b-ea90-6f6f-6fab4431a8fd" testName="BuckScience.Tests.Application.SeasonMonthMappingServiceTests.GetMonthsForPropertyAsync_WithoutOverrides_ReturnsCorrectDefaults(season: LateSeason, expectedMonths: [12, 1])" computerName="runnervmf4ws1" duration="00:00:00.8900283" startTime="2025-09-10T21:44:05.0152697+00:00" endTime="2025-09-10T21:44:05.0153337+00:00" testType="13cdc9d9-ddb5-4fa4-a97d-d965ccfc6d4b" outcome="Passed" testListId="8c84fa94-04c1-424b-9868-57a2d4851a1d" relativeResultsDirectory="84ec725a-e765-47c7-96b8-07787a78039e" />
    <UnitTestResult executionId="31ee331c-31b4-45c9-9543-2bb8c0f0eb70" testId="a7ad3ba3-5e5b-6ba0-2a38-a396786b3043" testName="BuckScience.Tests.Application.SeasonMonthMappingServiceTests.GetActiveSeasonsForDateAsync_WithDefaultMappings_ReturnsCorrectSeasons" computerName="runnervmf4ws1" duration="00:00:00.0017062" startTime="2025-09-10T21:44:05.2388094+00:00" endTime="2025-09-10T21:44:05.2388095+00:00" testType="13cdc9d9-ddb5-4fa4-a97d-d965ccfc6d4b" outcome="Passed" testListId="8c84fa94-04c1-424b-9868-57a2d4851a1d" relativeResultsDirectory="31ee331c-31b4-45c9-9543-2bb8c0f0eb70" />
    <UnitTestResult executionId="bef6e885-8987-4482-a336-642db2c57775" testId="c5f68921-dad4-1a69-07c9-dd9ef56e29ff" testName="BuckScience.Tests.Application.SeasonMonthMappingServiceTests.SetPropertySeasonOverrideAsync_UpdatesExistingOverride_WhenOneExists" computerName="runnervmf4ws1" duration="00:00:00.0103706" startTime="2025-09-10T21:44:05.1886634+00:00" endTime="2025-09-10T21:44:05.1886635+00:00" testType="13cdc9d9-ddb5-4fa4-a97d-d965ccfc6d4b" outcome="Passed" testListId="8c84fa94-04c1-424b-9868-57a2d4851a1d" relativeResultsDirectory="bef6e885-8987-4482-a336-642db2c57775" />
    <UnitTestResult executionId="0876e9a6-0bd9-4016-b83b-694eb0402d36" testId="162f6cfb-c27f-27d9-ae85-1a410ddacc2e" testName="BuckScience.Tests.Application.SeasonMonthMappingServiceTests.SeasonMonthMappingService_Constructor_WithNullDbContext_ThrowsArgumentNullException" computerName="runnervmf4ws1" duration="00:00:00.0013067" startTime="2025-09-10T21:44:05.2310946+00:00" endTime="2025-09-10T21:44:05.2310948+00:00" testType="13cdc9d9-ddb5-4fa4-a97d-d965ccfc6d4b" outcome="Passed" testListId="8c84fa94-04c1-424b-9868-57a2d4851a1d" relativeResultsDirectory="0876e9a6-0bd9-4016-b83b-694eb0402d36" />
    <UnitTestResult executionId="fe7ca774-5ae4-4e79-b437-f2435d76a7fc" testId="0c242e7e-8f22-f923-65dd-b2f5a0811c80" testName="BuckScience.Tests.Application.SeasonMonthMappingServiceTests.GetMonthsForPropertyAsync_WithPropertyNoOverride_ReturnsDefaultMonths" computerName="runnervmf4ws1" duration="00:00:00.0011573" startTime="2025-09-10T21:44:05.2370251+00:00" endTime="2025-09-10T21:44:05.2370252+00:00" testType="13cdc9d9-ddb5-4fa4-a97d-d965ccfc6d4b" outcome="Passed" testListId="8c84fa94-04c1-424b-9868-57a2d4851a1d" relativeResultsDirectory="fe7ca774-5ae4-4e79-b437-f2435d76a7fc" />
    <UnitTestResult executionId="5d4ee099-a5d1-4892-8709-0810efa37315" testId="1081f476-b46f-b748-a843-410e7a84ac42" testName="BuckScience.Tests.Application.SeasonMonthMappingServiceTests.GetPrimarySeasonForDateAsync_DefaultMappings_ReturnsExpectedSeason(month: 11, expectedSeason: Rut)" computerName="runnervmf4ws1" duration="00:00:00.0013740" startTime="2025-09-10T21:44:05.1838582+00:00" endTime="2025-09-10T21:44:05.1838583+00:00" testType="13cdc9d9-ddb5-4fa4-a97d-d965ccfc6d4b" outcome="Passed" testListId="8c84fa94-04c1-424b-9868-57a2d4851a1d" relativeResultsDirectory="5d4ee099-a5d1-4892-8709-0810efa37315" />
    <UnitTestResult executionId="561f7da0-5076-4c6d-a281-187fd29ee781" testId="797ec353-9b00-9db4-cc43-60b41df82c14" testName="BuckScience.Tests.Application.SeasonMonthMappingServiceTests.GetActiveSeasonsForDateAsync_NoMatchingSeasons_ReturnsEmptyList" computerName="runnervmf4ws1" duration="00:00:00.0039849" startTime="2025-09-10T21:44:05.1994396+00:00" endTime="2025-09-10T21:44:05.1994397+00:00" testType="13cdc9d9-ddb5-4fa4-a97d-d965ccfc6d4b" outcome="Passed" testListId="8c84fa94-04c1-424b-9868-57a2d4851a1d" relativeResultsDirectory="561f7da0-5076-4c6d-a281-187fd29ee781" />
    <UnitTestResult executionId="7e54dba1-59c6-47af-b7d3-ac4e34f7883b" testId="52ae0b6b-063d-fda1-eda2-bf4a1c9b90a4" testName="BuckScience.Tests.Application.SeasonMonthMappingServiceTests.GetAllPropertyOverridesAsync_ReturnsAllOverrides_ForProperty" computerName="runnervmf4ws1" duration="00:00:00.0089050" startTime="2025-09-10T21:44:05.2157850+00:00" endTime="2025-09-10T21:44:05.2157851+00:00" testType="13cdc9d9-ddb5-4fa4-a97d-d965ccfc6d4b" outcome="Passed" testListId="8c84fa94-04c1-424b-9868-57a2d4851a1d" relativeResultsDirectory="7e54dba1-59c6-47af-b7d3-ac4e34f7883b" />
    <UnitTestResult executionId="013e4d18-d49b-4f1d-93f2-bbfdee04e71c" testId="e0dcc631-95da-6f78-075b-f4a50d72ea72" testName="BuckScience.Tests.Application.SeasonMonthMappingServiceTests.RemovePropertySeasonOverrideAsync_RemovesOverride_WhenExists" computerName="runnervmf4ws1" duration="00:00:00.0089561" startTime="2025-09-10T21:44:05.2265532+00:00" endTime="2025-09-10T21:44:05.2265533+00:00" testType="13cdc9d9-ddb5-4fa4-a97d-d965ccfc6d4b" outcome="Passed" testListId="8c84fa94-04c1-424b-9868-57a2d4851a1d" relativeResultsDirectory="013e4d18-d49b-4f1d-93f2-bbfdee04e71c" />
    <UnitTestResult executionId="ffe5346c-150a-4bdc-83f0-bed2603db7d2" testId="96fd8acb-4fd6-1b77-8f7e-7416089655db" testName="BuckScience.Tests.Application.SeasonMonthMappingServiceTests.GetMonthsForPropertyAsync_WithoutOverrides_ReturnsCorrectDefaults(season: Rut, expectedMonths: [11])" computerName="runnervmf4ws1" duration="00:00:00.0343278" startTime="2025-09-10T21:44:05.0488263+00:00" endTime="2025-09-10T21:44:05.0488264+00:00" testType="13cdc9d9-ddb5-4fa4-a97d-d965ccfc6d4b" outcome="Passed" testListId="8c84fa94-04c1-424b-9868-57a2d4851a1d" relativeResultsDirectory="ffe5346c-150a-4bdc-83f0-bed2603db7d2" />
    <UnitTestResult executionId="a450945a-4d6d-4915-883d-b6191e4b3635" testId="a5c2b0ef-9ac8-1463-26cc-ed3d53a88d4a" testName="BuckScience.Tests.Application.SeasonMonthMappingServiceTests.DateResolution_CrossYearBoundary_HandlesCorrectly" computerName="runnervmf4ws1" duration="00:00:00.0031864" startTime="2025-09-10T21:44:05.1919358+00:00" endTime="2025-09-10T21:44:05.1919360+00:00" testType="13cdc9d9-ddb5-4fa4-a97d-d965ccfc6d4b" outcome="Passed" testListId="8c84fa94-04c1-424b-9868-57a2d4851a1d" relativeResultsDirectory="a450945a-4d6d-4915-883d-b6191e4b3635" />
    <UnitTestResult executionId="f2b2106d-60d8-4a75-aa01-a654c5231909" testId="9b3070df-a285-654a-0d56-528d1aaa0bdd" testName="BuckScience.Tests.Application.SeasonMonthMappingServiceTests.GetPrimarySeasonForDateAsync_DefaultMappings_ReturnsExpectedSeason(month: 12, expectedSeason: PostRut)" computerName="runnervmf4ws1" duration="00:00:00.0009510" startTime="2025-09-10T21:44:05.1840783+00:00" endTime="2025-09-10T21:44:05.1840784+00:00" testType="13cdc9d9-ddb5-4fa4-a97d-d965ccfc6d4b" outcome="Passed" testListId="8c84fa94-04c1-424b-9868-57a2d4851a1d" relativeResultsDirectory="f2b2106d-60d8-4a75-aa01-a654c5231909" />
    <UnitTestResult executionId="d28a705f-ea67-47c7-9955-36d6e0efd379" testId="fa4cb098-045c-45a9-65cd-11b5fd8b475f" testName="BuckScience.Tests.Application.SeasonMonthMappingServiceTests.SetPropertySeasonOverrideAsync_CreatesNewOverride_WhenNoneExists" computerName="runnervmf4ws1" duration="00:00:00.0030797" startTime="2025-09-10T21:44:05.2297084+00:00" endTime="2025-09-10T21:44:05.2297085+00:00" testType="13cdc9d9-ddb5-4fa4-a97d-d965ccfc6d4b" outcome="Passed" testListId="8c84fa94-04c1-424b-9868-57a2d4851a1d" relativeResultsDirectory="d28a705f-ea67-47c7-9955-36d6e0efd379" />
    <UnitTestResult executionId="98c8b66d-9f88-48f5-a0e3-eb63c86397e7" testId="82ad2eed-c2a8-00e1-ef28-e5a6803fece0" testName="BuckScience.Tests.Application.SeasonMonthMappingServiceTests.GetMonthsForPropertyAsync_WithPropertyOverride_ReturnsOverrideMonths" computerName="runnervmf4ws1" duration="00:00:00.0018061" startTime="2025-09-10T21:44:05.2013376+00:00" endTime="2025-09-10T21:44:05.2013377+00:00" testType="13cdc9d9-ddb5-4fa4-a97d-d965ccfc6d4b" outcome="Passed" testListId="8c84fa94-04c1-424b-9868-57a2d4851a1d" relativeResultsDirectory="98c8b66d-9f88-48f5-a0e3-eb63c86397e7" />
    <UnitTestResult executionId="a783abaa-aeff-43bc-ac8e-f67e168dcd71" testId="d322e661-5512-837b-be3c-27e6a4ac781f" testName="BuckScience.Tests.Application.SeasonMonthMappingServiceTests.GetPrimarySeasonForDateAsync_DefaultMappings_ReturnsExpectedSeason(month: 1, expectedSeason: LateSeason)" computerName="runnervmf4ws1" duration="00:00:00.0009706" startTime="2025-09-10T21:44:05.1839846+00:00" endTime="2025-09-10T21:44:05.1839847+00:00" testType="13cdc9d9-ddb5-4fa4-a97d-d965ccfc6d4b" outcome="Passed" testListId="8c84fa94-04c1-424b-9868-57a2d4851a1d" relativeResultsDirectory="a783abaa-aeff-43bc-ac8e-f67e168dcd71" />
    <UnitTestResult executionId="657e81d1-9fa5-4869-8665-f37fd7d46936" testId="2b9ecce3-1ede-532e-6e3c-66b19452e797" testName="BuckScience.Tests.Application.SeasonMonthMappingServiceTests.GetMonthsForPropertyAsync_WithNullProperty_ReturnsDefaultMonths" computerName="runnervmf4ws1" duration="00:00:00.0006173" startTime="2025-09-10T21:44:05.2045459+00:00" endTime="2025-09-10T21:44:05.2045460+00:00" testType="13cdc9d9-ddb5-4fa4-a97d-d965ccfc6d4b" outcome="Passed" testListId="8c84fa94-04c1-424b-9868-57a2d4851a1d" relativeResultsDirectory="657e81d1-9fa5-4869-8665-f37fd7d46936" />
    <UnitTestResult executionId="4d506032-8af2-4466-ae3e-2be830d7ed14" testId="837ea7f9-62f6-2203-19c1-0791b6c92a8e" testName="BuckScience.Tests.Application.SeasonMonthMappingServiceTests.GetPrimarySeasonForDateAsync_DefaultMappings_ReturnsExpectedSeason(month: 10, expectedSeason: EarlySeason)" computerName="runnervmf4ws1" duration="00:00:00.0056573" startTime="2025-09-10T21:44:05.1737295+00:00" endTime="2025-09-10T21:44:05.1737296+00:00" testType="13cdc9d9-ddb5-4fa4-a97d-d965ccfc6d4b" outcome="Passed" testListId="8c84fa94-04c1-424b-9868-57a2d4851a1d" relativeResultsDirectory="4d506032-8af2-4466-ae3e-2be830d7ed14" />
  </Results>
  <TestDefinitions>
    <UnitTest name="BuckScience.Tests.Application.SeasonMonthMappingServiceTests.GetMonthsForPropertyAsync_WithPropertyOverride_ReturnsOverrideMonths" storage="/home/runner/work/buckscienceapp/buckscienceapp/tests/buckscience.tests/bin/debug/net8.0/buckscience.tests.dll" id="82ad2eed-c2a8-00e1-ef28-e5a6803fece0">
      <Execution id="98c8b66d-9f88-48f5-a0e3-eb63c86397e7" />
      <TestMethod codeBase="/home/runner/work/BuckScienceApp/BuckScienceApp/tests/BuckScience.Tests/bin/Debug/net8.0/BuckScience.Tests.dll" adapterTypeName="executor://xunit/VsTestRunner2/netcoreapp" className="BuckScience.Tests.Application.SeasonMonthMappingServiceTests" name="GetMonthsForPropertyAsync_WithPropertyOverride_ReturnsOverrideMonths" />
    </UnitTest>
    <UnitTest name="BuckScience.Tests.Application.SeasonMonthMappingServiceTests.GetPrimarySeasonForDateAsync_DefaultMappings_ReturnsExpectedSeason(month: 11, expectedSeason: Rut)" storage="/home/runner/work/buckscienceapp/buckscienceapp/tests/buckscience.tests/bin/debug/net8.0/buckscience.tests.dll" id="1081f476-b46f-b748-a843-410e7a84ac42">
      <Execution id="5d4ee099-a5d1-4892-8709-0810efa37315" />
      <TestMethod codeBase="/home/runner/work/BuckScienceApp/BuckScienceApp/tests/BuckScience.Tests/bin/Debug/net8.0/BuckScience.Tests.dll" adapterTypeName="executor://xunit/VsTestRunner2/netcoreapp" className="BuckScience.Tests.Application.SeasonMonthMappingServiceTests" name="GetPrimarySeasonForDateAsync_DefaultMappings_ReturnsExpectedSeason" />
    </UnitTest>
    <UnitTest name="BuckScience.Tests.Application.SeasonMonthMappingServiceTests.EdgeCase_ConflictingOverrides_UsesOverrideTable" storage="/home/runner/work/buckscienceapp/buckscienceapp/tests/buckscience.tests/bin/debug/net8.0/buckscience.tests.dll" id="796d8eb9-61c1-6124-1220-be5bb72ca768">
      <Execution id="7163f627-5a74-4eb8-98c1-6a18bfc24ed1" />
      <TestMethod codeBase="/home/runner/work/BuckScienceApp/BuckScienceApp/tests/BuckScience.Tests/bin/Debug/net8.0/BuckScience.Tests.dll" adapterTypeName="executor://xunit/VsTestRunner2/netcoreapp" className="BuckScience.Tests.Application.SeasonMonthMappingServiceTests" name="EdgeCase_ConflictingOverrides_UsesOverrideTable" />
    </UnitTest>
    <UnitTest name="BuckScience.Tests.Application.SeasonMonthMappingServiceTests.SeasonMonthMappingService_SupportsMultipleProperties_WithDifferentOverrides" storage="/home/runner/work/buckscienceapp/buckscienceapp/tests/buckscience.tests/bin/debug/net8.0/buckscience.tests.dll" id="dcda31af-f667-08b1-cb3b-ad651df24d23">
      <Execution id="f0ad39d5-8d7b-4d8a-bbdc-201ddcbd54dc" />
      <TestMethod codeBase="/home/runner/work/BuckScienceApp/BuckScienceApp/tests/BuckScience.Tests/bin/Debug/net8.0/BuckScience.Tests.dll" adapterTypeName="executor://xunit/VsTestRunner2/netcoreapp" className="BuckScience.Tests.Application.SeasonMonthMappingServiceTests" name="SeasonMonthMappingService_SupportsMultipleProperties_WithDifferentOverrides" />
    </UnitTest>
    <UnitTest name="BuckScience.Tests.Application.SeasonMonthMappingServiceTests.GetAllPropertyOverridesAsync_ReturnsEmptyDictionary_WhenNoOverrides" storage="/home/runner/work/buckscienceapp/buckscienceapp/tests/buckscience.tests/bin/debug/net8.0/buckscience.tests.dll" id="cd550bc2-0f86-e40a-cd18-9b7914553212">
      <Execution id="53134914-3e75-493e-b2b5-2d87ab5d960b" />
      <TestMethod codeBase="/home/runner/work/BuckScienceApp/BuckScienceApp/tests/BuckScience.Tests/bin/Debug/net8.0/BuckScience.Tests.dll" adapterTypeName="executor://xunit/VsTestRunner2/netcoreapp" className="BuckScience.Tests.Application.SeasonMonthMappingServiceTests" name="GetAllPropertyOverridesAsync_ReturnsEmptyDictionary_WhenNoOverrides" />
    </UnitTest>
    <UnitTest name="BuckScience.Tests.Application.SeasonMonthMappingServiceTests.GetActiveSeasonsForDateAsync_WithDefaultMappings_ReturnsCorrectSeasons" storage="/home/runner/work/buckscienceapp/buckscienceapp/tests/buckscience.tests/bin/debug/net8.0/buckscience.tests.dll" id="a7ad3ba3-5e5b-6ba0-2a38-a396786b3043">
      <Execution id="31ee331c-31b4-45c9-9543-2bb8c0f0eb70" />
      <TestMethod codeBase="/home/runner/work/BuckScienceApp/BuckScienceApp/tests/BuckScience.Tests/bin/Debug/net8.0/BuckScience.Tests.dll" adapterTypeName="executor://xunit/VsTestRunner2/netcoreapp" className="BuckScience.Tests.Application.SeasonMonthMappingServiceTests" name="GetActiveSeasonsForDateAsync_WithDefaultMappings_ReturnsCorrectSeasons" />
    </UnitTest>
    <UnitTest name="BuckScience.Tests.Application.SeasonMonthMappingServiceTests.HybridLogic_FallsBackToDefaults_WhenOverrideIsInvalid" storage="/home/runner/work/buckscienceapp/buckscienceapp/tests/buckscience.tests/bin/debug/net8.0/buckscience.tests.dll" id="83f86451-fb52-b95e-1b52-9f97603c1dd2">
      <Execution id="3ed24c1e-184a-495a-8b5a-93c6ace9e162" />
      <TestMethod codeBase="/home/runner/work/BuckScienceApp/BuckScienceApp/tests/BuckScience.Tests/bin/Debug/net8.0/BuckScience.Tests.dll" adapterTypeName="executor://xunit/VsTestRunner2/netcoreapp" className="BuckScience.Tests.Application.SeasonMonthMappingServiceTests" name="HybridLogic_FallsBackToDefaults_WhenOverrideIsInvalid" />
    </UnitTest>
    <UnitTest name="BuckScience.Tests.Application.SeasonMonthMappingServiceTests.GetPrimarySeasonForDateAsync_DefaultMappings_ReturnsExpectedSeason(month: 9, expectedSeason: EarlySeason)" storage="/home/runner/work/buckscienceapp/buckscienceapp/tests/buckscience.tests/bin/debug/net8.0/buckscience.tests.dll" id="2125ec6c-1902-cfab-5614-578492de27fd">
      <Execution id="124490d4-fd7e-43ad-b6ad-12e496d83bcf" />
      <TestMethod codeBase="/home/runner/work/BuckScienceApp/BuckScienceApp/tests/BuckScience.Tests/bin/Debug/net8.0/BuckScience.Tests.dll" adapterTypeName="executor://xunit/VsTestRunner2/netcoreapp" className="BuckScience.Tests.Application.SeasonMonthMappingServiceTests" name="GetPrimarySeasonForDateAsync_DefaultMappings_ReturnsExpectedSeason" />
    </UnitTest>
    <UnitTest name="BuckScience.Tests.Application.SeasonMonthMappingServiceTests.RemovePropertySeasonOverrideAsync_RemovesOverride_WhenExists" storage="/home/runner/work/buckscienceapp/buckscienceapp/tests/buckscience.tests/bin/debug/net8.0/buckscience.tests.dll" id="e0dcc631-95da-6f78-075b-f4a50d72ea72">
      <Execution id="013e4d18-d49b-4f1d-93f2-bbfdee04e71c" />
      <TestMethod codeBase="/home/runner/work/BuckScienceApp/BuckScienceApp/tests/BuckScience.Tests/bin/Debug/net8.0/BuckScience.Tests.dll" adapterTypeName="executor://xunit/VsTestRunner2/netcoreapp" className="BuckScience.Tests.Application.SeasonMonthMappingServiceTests" name="RemovePropertySeasonOverrideAsync_RemovesOverride_WhenExists" />
    </UnitTest>
    <UnitTest name="BuckScience.Tests.Application.SeasonMonthMappingServiceTests.SetPropertySeasonOverrideAsync_CreatesNewOverride_WhenNoneExists" storage="/home/runner/work/buckscienceapp/buckscienceapp/tests/buckscience.tests/bin/debug/net8.0/buckscience.tests.dll" id="fa4cb098-045c-45a9-65cd-11b5fd8b475f">
      <Execution id="d28a705f-ea67-47c7-9955-36d6e0efd379" />
      <TestMethod codeBase="/home/runner/work/BuckScienceApp/BuckScienceApp/tests/BuckScience.Tests/bin/Debug/net8.0/BuckScience.Tests.dll" adapterTypeName="executor://xunit/VsTestRunner2/netcoreapp" className="BuckScience.Tests.Application.SeasonMonthMappingServiceTests" name="SetPropertySeasonOverrideAsync_CreatesNewOverride_WhenNoneExists" />
    </UnitTest>
    <UnitTest name="BuckScience.Tests.Application.SeasonMonthMappingServiceTests.SeasonMonthMappingService_Constructor_WithNullDbContext_ThrowsArgumentNullException" storage="/home/runner/work/buckscienceapp/buckscienceapp/tests/buckscience.tests/bin/debug/net8.0/buckscience.tests.dll" id="162f6cfb-c27f-27d9-ae85-1a410ddacc2e">
      <Execution id="0876e9a6-0bd9-4016-b83b-694eb0402d36" />
      <TestMethod codeBase="/home/runner/work/BuckScienceApp/BuckScienceApp/tests/BuckScience.Tests/bin/Debug/net8.0/BuckScience.Tests.dll" adapterTypeName="executor://xunit/VsTestRunner2/netcoreapp" className="BuckScience.Tests.Application.SeasonMonthMappingServiceTests" name="SeasonMonthMappingService_Constructor_WithNullDbContext_ThrowsArgumentNullException" />
    </UnitTest>
    <UnitTest name="BuckScience.Tests.Application.SeasonMonthMappingServiceTests.GetMonthsForPropertyAsync_WithoutOverrides_ReturnsCorrectDefaults(season: PostRut, expectedMonths: [12])" storage="/home/runner/work/buckscienceapp/buckscienceapp/tests/buckscience.tests/bin/debug/net8.0/buckscience.tests.dll" id="7c2d9e42-a64f-2cb9-82f9-1e417facca20">
      <Execution id="8b54b073-c5a5-4dd5-9a8a-6468415eaf7b" />
      <TestMethod codeBase="/home/runner/work/BuckScienceApp/BuckScienceApp/tests/BuckScience.Tests/bin/Debug/net8.0/BuckScience.Tests.dll" adapterTypeName="executor://xunit/VsTestRunner2/netcoreapp" className="BuckScience.Tests.Application.SeasonMonthMappingServiceTests" name="GetMonthsForPropertyAsync_WithoutOverrides_ReturnsCorrectDefaults" />
    </UnitTest>
    <UnitTest name="BuckScience.Tests.Application.SeasonMonthMappingServiceTests.GetMonthsForPropertyAsync_WithoutOverrides_ReturnsCorrectDefaults(season: YearRound, expectedMonths: [1, 2, 3, 4, 5, ...])" storage="/home/runner/work/buckscienceapp/buckscienceapp/tests/buckscience.tests/bin/debug/net8.0/buckscience.tests.dll" id="072094bf-9963-158f-becb-8dd6d4e2c76c">
      <Execution id="7c0a611f-97f2-4d12-8121-f7abf911e374" />
      <TestMethod codeBase="/home/runner/work/BuckScienceApp/BuckScienceApp/tests/BuckScience.Tests/bin/Debug/net8.0/BuckScience.Tests.dll" adapterTypeName="executor://xunit/VsTestRunner2/netcoreapp" className="BuckScience.Tests.Application.SeasonMonthMappingServiceTests" name="GetMonthsForPropertyAsync_WithoutOverrides_ReturnsCorrectDefaults" />
    </UnitTest>
    <UnitTest name="BuckScience.Tests.Application.SeasonMonthMappingServiceTests.GetMonthsForPropertyAsync_WithoutOverrides_ReturnsCorrectDefaults(season: Rut, expectedMonths: [11])" storage="/home/runner/work/buckscienceapp/buckscienceapp/tests/buckscience.tests/bin/debug/net8.0/buckscience.tests.dll" id="96fd8acb-4fd6-1b77-8f7e-7416089655db">
      <Execution id="ffe5346c-150a-4bdc-83f0-bed2603db7d2" />
      <TestMethod codeBase="/home/runner/work/BuckScienceApp/BuckScienceApp/tests/BuckScience.Tests/bin/Debug/net8.0/BuckScience.Tests.dll" adapterTypeName="executor://xunit/VsTestRunner2/netcoreapp" className="BuckScience.Tests.Application.SeasonMonthMappingServiceTests" name="GetMonthsForPropertyAsync_WithoutOverrides_ReturnsCorrectDefaults" />
    </UnitTest>
    <UnitTest name="BuckScience.Tests.Application.SeasonMonthMappingServiceTests.RemovePropertySeasonOverrideAsync_ReturnsFalse_WhenNoOverrideExists" storage="/home/runner/work/buckscienceapp/buckscienceapp/tests/buckscience.tests/bin/debug/net8.0/buckscience.tests.dll" id="45c0ed35-3801-fd39-72e9-842befa716d9">
      <Execution id="423f040c-f6c0-4447-858a-5e0c7a18ec1a" />
      <TestMethod codeBase="/home/runner/work/BuckScienceApp/BuckScienceApp/tests/BuckScience.Tests/bin/Debug/net8.0/BuckScience.Tests.dll" adapterTypeName="executor://xunit/VsTestRunner2/netcoreapp" className="BuckScience.Tests.Application.SeasonMonthMappingServiceTests" name="RemovePropertySeasonOverrideAsync_ReturnsFalse_WhenNoOverrideExists" />
    </UnitTest>
    <UnitTest name="BuckScience.Tests.Application.SeasonMonthMappingServiceTests.DateResolution_CrossYearBoundary_HandlesCorrectly" storage="/home/runner/work/buckscienceapp/buckscienceapp/tests/buckscience.tests/bin/debug/net8.0/buckscience.tests.dll" id="a5c2b0ef-9ac8-1463-26cc-ed3d53a88d4a">
      <Execution id="a450945a-4d6d-4915-883d-b6191e4b3635" />
      <TestMethod codeBase="/home/runner/work/BuckScienceApp/BuckScienceApp/tests/BuckScience.Tests/bin/Debug/net8.0/BuckScience.Tests.dll" adapterTypeName="executor://xunit/VsTestRunner2/netcoreapp" className="BuckScience.Tests.Application.SeasonMonthMappingServiceTests" name="DateResolution_CrossYearBoundary_HandlesCorrectly" />
    </UnitTest>
    <UnitTest name="BuckScience.Tests.Application.SeasonMonthMappingServiceTests.GetPrimarySeasonForDateAsync_DefaultMappings_ReturnsExpectedSeason(month: 12, expectedSeason: PostRut)" storage="/home/runner/work/buckscienceapp/buckscienceapp/tests/buckscience.tests/bin/debug/net8.0/buckscience.tests.dll" id="9b3070df-a285-654a-0d56-528d1aaa0bdd">
      <Execution id="f2b2106d-60d8-4a75-aa01-a654c5231909" />
      <TestMethod codeBase="/home/runner/work/BuckScienceApp/BuckScienceApp/tests/BuckScience.Tests/bin/Debug/net8.0/BuckScience.Tests.dll" adapterTypeName="executor://xunit/VsTestRunner2/netcoreapp" className="BuckScience.Tests.Application.SeasonMonthMappingServiceTests" name="GetPrimarySeasonForDateAsync_DefaultMappings_ReturnsExpectedSeason" />
    </UnitTest>
    <UnitTest name="BuckScience.Tests.Application.SeasonMonthMappingServiceTests.GetPrimarySeasonForDateAsync_DefaultMappings_ReturnsExpectedSeason(month: 1, expectedSeason: LateSeason)" storage="/home/runner/work/buckscienceapp/buckscienceapp/tests/buckscience.tests/bin/debug/net8.0/buckscience.tests.dll" id="d322e661-5512-837b-be3c-27e6a4ac781f">
      <Execution id="a783abaa-aeff-43bc-ac8e-f67e168dcd71" />
      <TestMethod codeBase="/home/runner/work/BuckScienceApp/BuckScienceApp/tests/BuckScience.Tests/bin/Debug/net8.0/BuckScience.Tests.dll" adapterTypeName="executor://xunit/VsTestRunner2/netcoreapp" className="BuckScience.Tests.Application.SeasonMonthMappingServiceTests" name="GetPrimarySeasonForDateAsync_DefaultMappings_ReturnsExpectedSeason" />
    </UnitTest>
    <UnitTest name="BuckScience.Tests.Application.SeasonMonthMappingServiceTests.GetMonthsForPropertyAsync_WithoutOverrides_ReturnsCorrectDefaults(season: LateSeason, expectedMonths: [12, 1])" storage="/home/runner/work/buckscienceapp/buckscienceapp/tests/buckscience.tests/bin/debug/net8.0/buckscience.tests.dll" id="d593ac04-048b-ea90-6f6f-6fab4431a8fd">
      <Execution id="84ec725a-e765-47c7-96b8-07787a78039e" />
      <TestMethod codeBase="/home/runner/work/BuckScienceApp/BuckScienceApp/tests/BuckScience.Tests/bin/Debug/net8.0/BuckScience.Tests.dll" adapterTypeName="executor://xunit/VsTestRunner2/netcoreapp" className="BuckScience.Tests.Application.SeasonMonthMappingServiceTests" name="GetMonthsForPropertyAsync_WithoutOverrides_ReturnsCorrectDefaults" />
    </UnitTest>
    <UnitTest name="BuckScience.Tests.Application.SeasonMonthMappingServiceTests.GetPrimarySeasonForDateAsync_NoMatches_ReturnsNull" storage="/home/runner/work/buckscienceapp/buckscienceapp/tests/buckscience.tests/bin/debug/net8.0/buckscience.tests.dll" id="883b640c-041a-1680-ac03-f244d5532ee9">
      <Execution id="9be87c9e-2242-4821-8e35-d8bd8bb92fa1" />
      <TestMethod codeBase="/home/runner/work/BuckScienceApp/BuckScienceApp/tests/BuckScience.Tests/bin/Debug/net8.0/BuckScience.Tests.dll" adapterTypeName="executor://xunit/VsTestRunner2/netcoreapp" className="BuckScience.Tests.Application.SeasonMonthMappingServiceTests" name="GetPrimarySeasonForDateAsync_NoMatches_ReturnsNull" />
    </UnitTest>
    <UnitTest name="BuckScience.Tests.Application.SeasonMonthMappingServiceTests.GetActiveSeasonsForDateAsync_NoMatchingSeasons_ReturnsEmptyList" storage="/home/runner/work/buckscienceapp/buckscienceapp/tests/buckscience.tests/bin/debug/net8.0/buckscience.tests.dll" id="797ec353-9b00-9db4-cc43-60b41df82c14">
      <Execution id="561f7da0-5076-4c6d-a281-187fd29ee781" />
      <TestMethod codeBase="/home/runner/work/BuckScienceApp/BuckScienceApp/tests/BuckScience.Tests/bin/Debug/net8.0/BuckScience.Tests.dll" adapterTypeName="executor://xunit/VsTestRunner2/netcoreapp" className="BuckScience.Tests.Application.SeasonMonthMappingServiceTests" name="GetActiveSeasonsForDateAsync_NoMatchingSeasons_ReturnsEmptyList" />
    </UnitTest>
    <UnitTest name="BuckScience.Tests.Application.SeasonMonthMappingServiceTests.GetMonthsForPropertyAsync_WithoutOverrides_ReturnsCorrectDefaults(season: EarlySeason, expectedMonths: [9, 10])" storage="/home/runner/work/buckscienceapp/buckscienceapp/tests/buckscience.tests/bin/debug/net8.0/buckscience.tests.dll" id="89a69faa-d4fe-30f7-2dd0-a490e26ff484">
      <Execution id="9b91cfca-86a0-49cf-b72f-3e7f271bb722" />
      <TestMethod codeBase="/home/runner/work/BuckScienceApp/BuckScienceApp/tests/BuckScience.Tests/bin/Debug/net8.0/BuckScience.Tests.dll" adapterTypeName="executor://xunit/VsTestRunner2/netcoreapp" className="BuckScience.Tests.Application.SeasonMonthMappingServiceTests" name="GetMonthsForPropertyAsync_WithoutOverrides_ReturnsCorrectDefaults" />
    </UnitTest>
    <UnitTest name="BuckScience.Tests.Application.SeasonMonthMappingServiceTests.GetPrimarySeasonForDateAsync_WithMultipleMatches_ReturnsFirstByEnumOrder" storage="/home/runner/work/buckscienceapp/buckscienceapp/tests/buckscience.tests/bin/debug/net8.0/buckscience.tests.dll" id="81bf2437-7dfa-cad5-f6c7-e16edf6f9d7f">
      <Execution id="2e8501c5-5cc8-466f-b5fd-a81ae50d88ef" />
      <TestMethod codeBase="/home/runner/work/BuckScienceApp/BuckScienceApp/tests/BuckScience.Tests/bin/Debug/net8.0/BuckScience.Tests.dll" adapterTypeName="executor://xunit/VsTestRunner2/netcoreapp" className="BuckScience.Tests.Application.SeasonMonthMappingServiceTests" name="GetPrimarySeasonForDateAsync_WithMultipleMatches_ReturnsFirstByEnumOrder" />
    </UnitTest>
    <UnitTest name="BuckScience.Tests.Application.SeasonMonthMappingServiceTests.GetPrimarySeasonForDateAsync_DefaultMappings_ReturnsExpectedSeason(month: 10, expectedSeason: EarlySeason)" storage="/home/runner/work/buckscienceapp/buckscienceapp/tests/buckscience.tests/bin/debug/net8.0/buckscience.tests.dll" id="837ea7f9-62f6-2203-19c1-0791b6c92a8e">
      <Execution id="4d506032-8af2-4466-ae3e-2be830d7ed14" />
      <TestMethod codeBase="/home/runner/work/BuckScienceApp/BuckScienceApp/tests/BuckScience.Tests/bin/Debug/net8.0/BuckScience.Tests.dll" adapterTypeName="executor://xunit/VsTestRunner2/netcoreapp" className="BuckScience.Tests.Application.SeasonMonthMappingServiceTests" name="GetPrimarySeasonForDateAsync_DefaultMappings_ReturnsExpectedSeason" />
    </UnitTest>
    <UnitTest name="BuckScience.Tests.Application.SeasonMonthMappingServiceTests.GetMonthsForPropertyAsync_WithNullProperty_ReturnsDefaultMonths" storage="/home/runner/work/buckscienceapp/buckscienceapp/tests/buckscience.tests/bin/debug/net8.0/buckscience.tests.dll" id="2b9ecce3-1ede-532e-6e3c-66b19452e797">
      <Execution id="657e81d1-9fa5-4869-8665-f37fd7d46936" />
      <TestMethod codeBase="/home/runner/work/BuckScienceApp/BuckScienceApp/tests/BuckScience.Tests/bin/Debug/net8.0/BuckScience.Tests.dll" adapterTypeName="executor://xunit/VsTestRunner2/netcoreapp" className="BuckScience.Tests.Application.SeasonMonthMappingServiceTests" name="GetMonthsForPropertyAsync_WithNullProperty_ReturnsDefaultMonths" />
    </UnitTest>
    <UnitTest name="BuckScience.Tests.Application.SeasonMonthMappingServiceTests.GetAllPropertyOverridesAsync_ReturnsAllOverrides_ForProperty" storage="/home/runner/work/buckscienceapp/buckscienceapp/tests/buckscience.tests/bin/debug/net8.0/buckscience.tests.dll" id="52ae0b6b-063d-fda1-eda2-bf4a1c9b90a4">
      <Execution id="7e54dba1-59c6-47af-b7d3-ac4e34f7883b" />
      <TestMethod codeBase="/home/runner/work/BuckScienceApp/BuckScienceApp/tests/BuckScience.Tests/bin/Debug/net8.0/BuckScience.Tests.dll" adapterTypeName="executor://xunit/VsTestRunner2/netcoreapp" className="BuckScience.Tests.Application.SeasonMonthMappingServiceTests" name="GetAllPropertyOverridesAsync_ReturnsAllOverrides_ForProperty" />
    </UnitTest>
    <UnitTest name="BuckScience.Tests.Application.SeasonMonthMappingServiceTests.GetActiveSeasonsForDateAsync_WithPropertyOverride_ReturnsCustomSeasons" storage="/home/runner/work/buckscienceapp/buckscienceapp/tests/buckscience.tests/bin/debug/net8.0/buckscience.tests.dll" id="3c9f33d5-2d26-423b-1412-b916bd1412ce">
      <Execution id="12e44d95-722f-422b-af86-84f895b0e316" />
      <TestMethod codeBase="/home/runner/work/BuckScienceApp/BuckScienceApp/tests/BuckScience.Tests/bin/Debug/net8.0/BuckScience.Tests.dll" adapterTypeName="executor://xunit/VsTestRunner2/netcoreapp" className="BuckScience.Tests.Application.SeasonMonthMappingServiceTests" name="GetActiveSeasonsForDateAsync_WithPropertyOverride_ReturnsCustomSeasons" />
    </UnitTest>
    <UnitTest name="BuckScience.Tests.Application.SeasonMonthMappingServiceTests.SetPropertySeasonOverrideAsync_UpdatesExistingOverride_WhenOneExists" storage="/home/runner/work/buckscienceapp/buckscienceapp/tests/buckscience.tests/bin/debug/net8.0/buckscience.tests.dll" id="c5f68921-dad4-1a69-07c9-dd9ef56e29ff">
      <Execution id="bef6e885-8987-4482-a336-642db2c57775" />
      <TestMethod codeBase="/home/runner/work/BuckScienceApp/BuckScienceApp/tests/BuckScience.Tests/bin/Debug/net8.0/BuckScience.Tests.dll" adapterTypeName="executor://xunit/VsTestRunner2/netcoreapp" className="BuckScience.Tests.Application.SeasonMonthMappingServiceTests" name="SetPropertySeasonOverrideAsync_UpdatesExistingOverride_WhenOneExists" />
    </UnitTest>
    <UnitTest name="BuckScience.Tests.Application.SeasonMonthMappingServiceTests.GetMonthsForPropertyAsync_WithPropertyNoOverride_ReturnsDefaultMonths" storage="/home/runner/work/buckscienceapp/buckscienceapp/tests/buckscience.tests/bin/debug/net8.0/buckscience.tests.dll" id="0c242e7e-8f22-f923-65dd-b2f5a0811c80">
      <Execution id="fe7ca774-5ae4-4e79-b437-f2435d76a7fc" />
      <TestMethod codeBase="/home/runner/work/BuckScienceApp/BuckScienceApp/tests/BuckScience.Tests/bin/Debug/net8.0/BuckScience.Tests.dll" adapterTypeName="executor://xunit/VsTestRunner2/netcoreapp" className="BuckScience.Tests.Application.SeasonMonthMappingServiceTests" name="GetMonthsForPropertyAsync_WithPropertyNoOverride_ReturnsDefaultMonths" />
    </UnitTest>
    <UnitTest name="BuckScience.Tests.Application.SeasonMonthMappingServiceTests.GetMonthsForPropertyAsync_WithoutOverrides_ReturnsCorrectDefaults(season: PreRut, expectedMonths: [10])" storage="/home/runner/work/buckscienceapp/buckscienceapp/tests/buckscience.tests/bin/debug/net8.0/buckscience.tests.dll" id="643382d9-252e-669a-df19-e9e242cc0c0b">
      <Execution id="c16f951b-10c2-4447-a5de-870ec1dfaece" />
      <TestMethod codeBase="/home/runner/work/BuckScienceApp/BuckScienceApp/tests/BuckScience.Tests/bin/Debug/net8.0/BuckScience.Tests.dll" adapterTypeName="executor://xunit/VsTestRunner2/netcoreapp" className="BuckScience.Tests.Application.SeasonMonthMappingServiceTests" name="GetMonthsForPropertyAsync_WithoutOverrides_ReturnsCorrectDefaults" />
    </UnitTest>
  </TestDefinitions>
  <TestEntries>
    <TestEntry testId="45c0ed35-3801-fd39-72e9-842befa716d9" executionId="423f040c-f6c0-4447-858a-5e0c7a18ec1a" testListId="8c84fa94-04c1-424b-9868-57a2d4851a1d" />
    <TestEntry testId="883b640c-041a-1680-ac03-f244d5532ee9" executionId="9be87c9e-2242-4821-8e35-d8bd8bb92fa1" testListId="8c84fa94-04c1-424b-9868-57a2d4851a1d" />
    <TestEntry testId="89a69faa-d4fe-30f7-2dd0-a490e26ff484" executionId="9b91cfca-86a0-49cf-b72f-3e7f271bb722" testListId="8c84fa94-04c1-424b-9868-57a2d4851a1d" />
    <TestEntry testId="2125ec6c-1902-cfab-5614-578492de27fd" executionId="124490d4-fd7e-43ad-b6ad-12e496d83bcf" testListId="8c84fa94-04c1-424b-9868-57a2d4851a1d" />
    <TestEntry testId="83f86451-fb52-b95e-1b52-9f97603c1dd2" executionId="3ed24c1e-184a-495a-8b5a-93c6ace9e162" testListId="8c84fa94-04c1-424b-9868-57a2d4851a1d" />
    <TestEntry testId="072094bf-9963-158f-becb-8dd6d4e2c76c" executionId="7c0a611f-97f2-4d12-8121-f7abf911e374" testListId="8c84fa94-04c1-424b-9868-57a2d4851a1d" />
    <TestEntry testId="3c9f33d5-2d26-423b-1412-b916bd1412ce" executionId="12e44d95-722f-422b-af86-84f895b0e316" testListId="8c84fa94-04c1-424b-9868-57a2d4851a1d" />
    <TestEntry testId="643382d9-252e-669a-df19-e9e242cc0c0b" executionId="c16f951b-10c2-4447-a5de-870ec1dfaece" testListId="8c84fa94-04c1-424b-9868-57a2d4851a1d" />
    <TestEntry testId="81bf2437-7dfa-cad5-f6c7-e16edf6f9d7f" executionId="2e8501c5-5cc8-466f-b5fd-a81ae50d88ef" testListId="8c84fa94-04c1-424b-9868-57a2d4851a1d" />
    <TestEntry testId="dcda31af-f667-08b1-cb3b-ad651df24d23" executionId="f0ad39d5-8d7b-4d8a-bbdc-201ddcbd54dc" testListId="8c84fa94-04c1-424b-9868-57a2d4851a1d" />
    <TestEntry testId="cd550bc2-0f86-e40a-cd18-9b7914553212" executionId="53134914-3e75-493e-b2b5-2d87ab5d960b" testListId="8c84fa94-04c1-424b-9868-57a2d4851a1d" />
    <TestEntry testId="796d8eb9-61c1-6124-1220-be5bb72ca768" executionId="7163f627-5a74-4eb8-98c1-6a18bfc24ed1" testListId="8c84fa94-04c1-424b-9868-57a2d4851a1d" />
    <TestEntry testId="7c2d9e42-a64f-2cb9-82f9-1e417facca20" executionId="8b54b073-c5a5-4dd5-9a8a-6468415eaf7b" testListId="8c84fa94-04c1-424b-9868-57a2d4851a1d" />
    <TestEntry testId="d593ac04-048b-ea90-6f6f-6fab4431a8fd" executionId="84ec725a-e765-47c7-96b8-07787a78039e" testListId="8c84fa94-04c1-424b-9868-57a2d4851a1d" />
    <TestEntry testId="a7ad3ba3-5e5b-6ba0-2a38-a396786b3043" executionId="31ee331c-31b4-45c9-9543-2bb8c0f0eb70" testListId="8c84fa94-04c1-424b-9868-57a2d4851a1d" />
    <TestEntry testId="c5f68921-dad4-1a69-07c9-dd9ef56e29ff" executionId="bef6e885-8987-4482-a336-642db2c57775" testListId="8c84fa94-04c1-424b-9868-57a2d4851a1d" />
    <TestEntry testId="162f6cfb-c27f-27d9-ae85-1a410ddacc2e" executionId="0876e9a6-0bd9-4016-b83b-694eb0402d36" testListId="8c84fa94-04c1-424b-9868-57a2d4851a1d" />
    <TestEntry testId="0c242e7e-8f22-f923-65dd-b2f5a0811c80" executionId="fe7ca774-5ae4-4e79-b437-f2435d76a7fc" testListId="8c84fa94-04c1-424b-9868-57a2d4851a1d" />
    <TestEntry testId="1081f476-b46f-b748-a843-410e7a84ac42" executionId="5d4ee099-a5d1-4892-8709-0810efa37315" testListId="8c84fa94-04c1-424b-9868-57a2d4851a1d" />
    <TestEntry testId="797ec353-9b00-9db4-cc43-60b41df82c14" executionId="561f7da0-5076-4c6d-a281-187fd29ee781" testListId="8c84fa94-04c1-424b-9868-57a2d4851a1d" />
    <TestEntry testId="52ae0b6b-063d-fda1-eda2-bf4a1c9b90a4" executionId="7e54dba1-59c6-47af-b7d3-ac4e34f7883b" testListId="8c84fa94-04c1-424b-9868-57a2d4851a1d" />
    <TestEntry testId="e0dcc631-95da-6f78-075b-f4a50d72ea72" executionId="013e4d18-d49b-4f1d-93f2-bbfdee04e71c" testListId="8c84fa94-04c1-424b-9868-57a2d4851a1d" />
    <TestEntry testId="96fd8acb-4fd6-1b77-8f7e-7416089655db" executionId="ffe5346c-150a-4bdc-83f0-bed2603db7d2" testListId="8c84fa94-04c1-424b-9868-57a2d4851a1d" />
    <TestEntry testId="a5c2b0ef-9ac8-1463-26cc-ed3d53a88d4a" executionId="a450945a-4d6d-4915-883d-b6191e4b3635" testListId="8c84fa94-04c1-424b-9868-57a2d4851a1d" />
    <TestEntry testId="9b3070df-a285-654a-0d56-528d1aaa0bdd" executionId="f2b2106d-60d8-4a75-aa01-a654c5231909" testListId="8c84fa94-04c1-424b-9868-57a2d4851a1d" />
    <TestEntry testId="fa4cb098-045c-45a9-65cd-11b5fd8b475f" executionId="d28a705f-ea67-47c7-9955-36d6e0efd379" testListId="8c84fa94-04c1-424b-9868-57a2d4851a1d" />
    <TestEntry testId="82ad2eed-c2a8-00e1-ef28-e5a6803fece0" executionId="98c8b66d-9f88-48f5-a0e3-eb63c86397e7" testListId="8c84fa94-04c1-424b-9868-57a2d4851a1d" />
    <TestEntry testId="d322e661-5512-837b-be3c-27e6a4ac781f" executionId="a783abaa-aeff-43bc-ac8e-f67e168dcd71" testListId="8c84fa94-04c1-424b-9868-57a2d4851a1d" />
    <TestEntry testId="2b9ecce3-1ede-532e-6e3c-66b19452e797" executionId="657e81d1-9fa5-4869-8665-f37fd7d46936" testListId="8c84fa94-04c1-424b-9868-57a2d4851a1d" />
    <TestEntry testId="837ea7f9-62f6-2203-19c1-0791b6c92a8e" executionId="4d506032-8af2-4466-ae3e-2be830d7ed14" testListId="8c84fa94-04c1-424b-9868-57a2d4851a1d" />
  </TestEntries>
  <TestLists>
    <TestList name="Results Not in a List" id="8c84fa94-04c1-424b-9868-57a2d4851a1d" />
    <TestList name="All Loaded Results" id="19431567-8539-422a-85d7-44ee4e166bda" />
  </TestLists>
  <ResultSummary outcome="Completed">
    <Counters total="30" executed="30" passed="30" failed="0" error="0" timeout="0" aborted="0" inconclusive="0" passedButRunAborted="0" notRunnable="0" notExecuted="0" disconnected="0" warning="0" completed="0" inProgress="0" pending="0" />
    <Output>
      <StdOut>[xUnit.net 00:00:00.00] xUnit.net VSTest Adapter v2.4.5+1caef2f33e (64-bit .NET 8.0.19)
[xUnit.net 00:00:01.15]   Discovering: BuckScience.Tests
[xUnit.net 00:00:01.27]   Discovered:  BuckScience.Tests
[xUnit.net 00:00:01.28]   Starting:    BuckScience.Tests
[xUnit.net 00:00:02.45]   Finished:    BuckScience.Tests
</StdOut>
    </Output>
  </ResultSummary>
</TestRun>