<?xml version="1.0" encoding="utf-8"?>
<TestRun id="b68eb2ad-bb40-48e1-bcdd-824ea31079d4" name="@runnervmf4ws1 2025-09-10 21:41:15" xmlns="http://microsoft.com/schemas/VisualStudio/TeamTest/2010">
  <Times creation="2025-09-10T21:41:15.5323706+00:00" queuing="2025-09-10T21:41:15.5323707+00:00" start="2025-09-10T21:41:12.8363104+00:00" finish="2025-09-10T21:41:15.6011239+00:00" />
  <TestSettings name="default" id="6d548de3-cb37-4594-b172-a4df7810cd5a">
    <Deployment runDeploymentRoot="_runnervmf4ws1_2025-09-10_21_41_15" />
  </TestSettings>
  <Results>
    <UnitTestResult executionId="9c3808b8-1526-4b21-82b2-2514a30819ca" testId="9d69f166-b376-a2ad-1cb5-4f5364963c50" testName="BuckScience.Tests.Application.FeatureWeights.GetFeatureWeightsDateResolutionTests.HandleAsync_WithDate_InvalidPropertyId_ThrowsInvalidOperationException" computerName="runnervmf4ws1" duration="00:00:00.0038307" startTime="2025-09-10T21:41:15.4903902+00:00" endTime="2025-09-10T21:41:15.4903903+00:00" testType="13cdc9d9-ddb5-4fa4-a97d-d965ccfc6d4b" outcome="Passed" testListId="8c84fa94-04c1-424b-9868-57a2d4851a1d" relativeResultsDirectory="9c3808b8-1526-4b21-82b2-2514a30819ca" />
    <UnitTestResult executionId="17631955-d77b-4547-ba90-6943505e1c6a" testId="67cea702-8500-937a-27c8-4c669b6e1597" testName="BuckScience.Tests.Application.FeatureWeights.GetFeatureWeightsDateResolutionTests.HandleAsync_WithDate_DefaultMappings_ResolvesExpectedPrimarySeason(month: 1, expectedPrimarySeason: LateSeason)" computerName="runnervmf4ws1" duration="00:00:00.0013442" startTime="2025-09-10T21:41:15.4707287+00:00" endTime="2025-09-10T21:41:15.4707288+00:00" testType="13cdc9d9-ddb5-4fa4-a97d-d965ccfc6d4b" outcome="Passed" testListId="8c84fa94-04c1-424b-9868-57a2d4851a1d" relativeResultsDirectory="17631955-d77b-4547-ba90-6943505e1c6a" />
    <UnitTestResult executionId="46dfce5e-0d6f-413e-89a9-b0c0e1f725c5" testId="f3cf5dfa-ba92-e357-4965-81c40141969f" testName="BuckScience.Tests.Application.FeatureWeights.GetFeatureWeightsDateResolutionTests.HandleAsync_WithDate_DefaultMappings_ResolvesExpectedPrimarySeason(month: 12, expectedPrimarySeason: PostRut)" computerName="runnervmf4ws1" duration="00:00:00.0354741" startTime="2025-09-10T21:41:15.4540641+00:00" endTime="2025-09-10T21:41:15.4540642+00:00" testType="13cdc9d9-ddb5-4fa4-a97d-d965ccfc6d4b" outcome="Passed" testListId="8c84fa94-04c1-424b-9868-57a2d4851a1d" relativeResultsDirectory="46dfce5e-0d6f-413e-89a9-b0c0e1f725c5" />
    <UnitTestResult executionId="bee0a249-412f-4554-9673-fd4a86c10d7c" testId="72e4583e-7bd1-6573-8e0c-b7583f2d0b50" testName="BuckScience.Tests.Application.FeatureWeights.GetFeatureWeightsDateResolutionTests.HandleAsync_WithDate_PropertyOverride_ResolvesCustomSeason" computerName="runnervmf4ws1" duration="00:00:00.0029759" startTime="2025-09-10T21:41:15.4967345+00:00" endTime="2025-09-10T21:41:15.4967346+00:00" testType="13cdc9d9-ddb5-4fa4-a97d-d965ccfc6d4b" outcome="Passed" testListId="8c84fa94-04c1-424b-9868-57a2d4851a1d" relativeResultsDirectory="bee0a249-412f-4554-9673-fd4a86c10d7c" />
    <UnitTestResult executionId="d5774d3b-fa2e-4089-913a-7af21bcbc5a2" testId="a1c1968f-35fe-99e9-9ed5-6d92bfa17acb" testName="BuckScience.Tests.Application.FeatureWeights.GetFeatureWeightsDateResolutionTests.HandleAsync_WithDate_MultipleUserTypes_AllReturnValidResults" computerName="runnervmf4ws1" duration="00:00:01.1114622" startTime="2025-09-10T21:41:15.4190665+00:00" endTime="2025-09-10T21:41:15.4191174+00:00" testType="13cdc9d9-ddb5-4fa4-a97d-d965ccfc6d4b" outcome="Passed" testListId="8c84fa94-04c1-424b-9868-57a2d4851a1d" relativeResultsDirectory="d5774d3b-fa2e-4089-913a-7af21bcbc5a2" />
    <UnitTestResult executionId="c8d0ba64-1309-4e59-bd52-e4a09737ec03" testId="f9384c4f-aa2b-58de-b1ef-2b7bf3f8d2db" testName="BuckScience.Tests.Application.FeatureWeights.GetFeatureWeightsDateResolutionTests.HandleAsync_WithDate_DefaultMappings_ResolvesExpectedPrimarySeason(month: 9, expectedPrimarySeason: EarlySeason)" computerName="runnervmf4ws1" duration="00:00:00.0151930" startTime="2025-09-10T21:41:15.4693128+00:00" endTime="2025-09-10T21:41:15.4693129+00:00" testType="13cdc9d9-ddb5-4fa4-a97d-d965ccfc6d4b" outcome="Passed" testListId="8c84fa94-04c1-424b-9868-57a2d4851a1d" relativeResultsDirectory="c8d0ba64-1309-4e59-bd52-e4a09737ec03" />
    <UnitTestResult executionId="26389fd9-fc61-4fc3-a19b-ff7c1c941b12" testId="7bd29c22-0ac6-2593-21bd-543736f7e8f2" testName="BuckScience.Tests.Application.FeatureWeights.GetFeatureWeightsDateResolutionTests.HandleAsync_WithDate_DefaultMappings_ResolvesExpectedPrimarySeason(month: 10, expectedPrimarySeason: PreRut)" computerName="runnervmf4ws1" duration="00:00:00.0032212" startTime="2025-09-10T21:41:15.4899157+00:00" endTime="2025-09-10T21:41:15.4899158+00:00" testType="13cdc9d9-ddb5-4fa4-a97d-d965ccfc6d4b" outcome="Failed" testListId="8c84fa94-04c1-424b-9868-57a2d4851a1d" relativeResultsDirectory="26389fd9-fc61-4fc3-a19b-ff7c1c941b12">
      <Output>
        <ErrorInfo>
          <Message>Assert.Equal() Failure
Expected: PreRut
Actual:   EarlySeason</Message>
          <StackTrace>   at BuckScience.Tests.Application.FeatureWeights.GetFeatureWeightsDateResolutionTests.HandleAsync_WithDate_DefaultMappings_ResolvesExpectedPrimarySeason(Int32 month, Season expectedPrimarySeason) in /home/runner/work/BuckScienceApp/BuckScienceApp/tests/BuckScience.Tests/Application/FeatureWeights/GetFeatureWeightsDateResolutionTests.cs:line 146
--- End of stack trace from previous location ---</StackTrace>
        </ErrorInfo>
      </Output>
    </UnitTestResult>
    <UnitTestResult executionId="ee327c43-0053-4f9f-98a2-20651422bfe5" testId="4cc42eb6-e899-4ec5-21b6-53546311ab9e" testName="BuckScience.Tests.Application.FeatureWeights.GetFeatureWeightsDateResolutionTests.HandleAsync_WithDate_NoMatchingSeason_FallsBackToUserOrDefaultWeight" computerName="runnervmf4ws1" duration="00:00:00.0064989" startTime="2025-09-10T21:41:15.5110609+00:00" endTime="2025-09-10T21:41:15.5110610+00:00" testType="13cdc9d9-ddb5-4fa4-a97d-d965ccfc6d4b" outcome="Passed" testListId="8c84fa94-04c1-424b-9868-57a2d4851a1d" relativeResultsDirectory="ee327c43-0053-4f9f-98a2-20651422bfe5" />
    <UnitTestResult executionId="0e31458c-4eac-489e-b7b1-111e5bd030db" testId="f8565019-7e1a-d4d3-b349-7121ac8fabab" testName="BuckScience.Tests.Application.FeatureWeights.GetFeatureWeightsDateResolutionTests.HandleAsync_WithDate_DefaultMappings_ResolvesExpectedPrimarySeason(month: 11, expectedPrimarySeason: Rut)" computerName="runnervmf4ws1" duration="00:00:00.0019672" startTime="2025-09-10T21:41:15.4903013+00:00" endTime="2025-09-10T21:41:15.4903014+00:00" testType="13cdc9d9-ddb5-4fa4-a97d-d965ccfc6d4b" outcome="Passed" testListId="8c84fa94-04c1-424b-9868-57a2d4851a1d" relativeResultsDirectory="0e31458c-4eac-489e-b7b1-111e5bd030db" />
    <UnitTestResult executionId="8f4ba9d9-959a-4d55-b63c-d968d4b87a00" testId="c2ecdd5b-e826-0361-04c0-37d21eeea23d" testName="BuckScience.Tests.Application.FeatureWeights.GetFeatureWeightsDateResolutionTests.HandleAsync_WithDate_DefaultSeasonMapping_ResolvesCorrectSeason" computerName="runnervmf4ws1" duration="00:00:00.0050564" startTime="2025-09-10T21:41:15.4936778+00:00" endTime="2025-09-10T21:41:15.4936779+00:00" testType="13cdc9d9-ddb5-4fa4-a97d-d965ccfc6d4b" outcome="Passed" testListId="8c84fa94-04c1-424b-9868-57a2d4851a1d" relativeResultsDirectory="8f4ba9d9-959a-4d55-b63c-d968d4b87a00" />
  </Results>
  <TestDefinitions>
    <UnitTest name="BuckScience.Tests.Application.FeatureWeights.GetFeatureWeightsDateResolutionTests.HandleAsync_WithDate_DefaultMappings_ResolvesExpectedPrimarySeason(month: 12, expectedPrimarySeason: PostRut)" storage="/home/runner/work/buckscienceapp/buckscienceapp/tests/buckscience.tests/bin/debug/net8.0/buckscience.tests.dll" id="f3cf5dfa-ba92-e357-4965-81c40141969f">
      <Execution id="46dfce5e-0d6f-413e-89a9-b0c0e1f725c5" />
      <TestMethod codeBase="/home/runner/work/BuckScienceApp/BuckScienceApp/tests/BuckScience.Tests/bin/Debug/net8.0/BuckScience.Tests.dll" adapterTypeName="executor://xunit/VsTestRunner2/netcoreapp" className="BuckScience.Tests.Application.FeatureWeights.GetFeatureWeightsDateResolutionTests" name="HandleAsync_WithDate_DefaultMappings_ResolvesExpectedPrimarySeason" />
    </UnitTest>
    <UnitTest name="BuckScience.Tests.Application.FeatureWeights.GetFeatureWeightsDateResolutionTests.HandleAsync_WithDate_DefaultMappings_ResolvesExpectedPrimarySeason(month: 10, expectedPrimarySeason: PreRut)" storage="/home/runner/work/buckscienceapp/buckscienceapp/tests/buckscience.tests/bin/debug/net8.0/buckscience.tests.dll" id="7bd29c22-0ac6-2593-21bd-543736f7e8f2">
      <Execution id="26389fd9-fc61-4fc3-a19b-ff7c1c941b12" />
      <TestMethod codeBase="/home/runner/work/BuckScienceApp/BuckScienceApp/tests/BuckScience.Tests/bin/Debug/net8.0/BuckScience.Tests.dll" adapterTypeName="executor://xunit/VsTestRunner2/netcoreapp" className="BuckScience.Tests.Application.FeatureWeights.GetFeatureWeightsDateResolutionTests" name="HandleAsync_WithDate_DefaultMappings_ResolvesExpectedPrimarySeason" />
    </UnitTest>
    <UnitTest name="BuckScience.Tests.Application.FeatureWeights.GetFeatureWeightsDateResolutionTests.HandleAsync_WithDate_PropertyOverride_ResolvesCustomSeason" storage="/home/runner/work/buckscienceapp/buckscienceapp/tests/buckscience.tests/bin/debug/net8.0/buckscience.tests.dll" id="72e4583e-7bd1-6573-8e0c-b7583f2d0b50">
      <Execution id="bee0a249-412f-4554-9673-fd4a86c10d7c" />
      <TestMethod codeBase="/home/runner/work/BuckScienceApp/BuckScienceApp/tests/BuckScience.Tests/bin/Debug/net8.0/BuckScience.Tests.dll" adapterTypeName="executor://xunit/VsTestRunner2/netcoreapp" className="BuckScience.Tests.Application.FeatureWeights.GetFeatureWeightsDateResolutionTests" name="HandleAsync_WithDate_PropertyOverride_ResolvesCustomSeason" />
    </UnitTest>
    <UnitTest name="BuckScience.Tests.Application.FeatureWeights.GetFeatureWeightsDateResolutionTests.HandleAsync_WithDate_MultipleUserTypes_AllReturnValidResults" storage="/home/runner/work/buckscienceapp/buckscienceapp/tests/buckscience.tests/bin/debug/net8.0/buckscience.tests.dll" id="a1c1968f-35fe-99e9-9ed5-6d92bfa17acb">
      <Execution id="d5774d3b-fa2e-4089-913a-7af21bcbc5a2" />
      <TestMethod codeBase="/home/runner/work/BuckScienceApp/BuckScienceApp/tests/BuckScience.Tests/bin/Debug/net8.0/BuckScience.Tests.dll" adapterTypeName="executor://xunit/VsTestRunner2/netcoreapp" className="BuckScience.Tests.Application.FeatureWeights.GetFeatureWeightsDateResolutionTests" name="HandleAsync_WithDate_MultipleUserTypes_AllReturnValidResults" />
    </UnitTest>
    <UnitTest name="BuckScience.Tests.Application.FeatureWeights.GetFeatureWeightsDateResolutionTests.HandleAsync_WithDate_DefaultMappings_ResolvesExpectedPrimarySeason(month: 9, expectedPrimarySeason: EarlySeason)" storage="/home/runner/work/buckscienceapp/buckscienceapp/tests/buckscience.tests/bin/debug/net8.0/buckscience.tests.dll" id="f9384c4f-aa2b-58de-b1ef-2b7bf3f8d2db">
      <Execution id="c8d0ba64-1309-4e59-bd52-e4a09737ec03" />
      <TestMethod codeBase="/home/runner/work/BuckScienceApp/BuckScienceApp/tests/BuckScience.Tests/bin/Debug/net8.0/BuckScience.Tests.dll" adapterTypeName="executor://xunit/VsTestRunner2/netcoreapp" className="BuckScience.Tests.Application.FeatureWeights.GetFeatureWeightsDateResolutionTests" name="HandleAsync_WithDate_DefaultMappings_ResolvesExpectedPrimarySeason" />
    </UnitTest>
    <UnitTest name="BuckScience.Tests.Application.FeatureWeights.GetFeatureWeightsDateResolutionTests.HandleAsync_WithDate_DefaultMappings_ResolvesExpectedPrimarySeason(month: 1, expectedPrimarySeason: LateSeason)" storage="/home/runner/work/buckscienceapp/buckscienceapp/tests/buckscience.tests/bin/debug/net8.0/buckscience.tests.dll" id="67cea702-8500-937a-27c8-4c669b6e1597">
      <Execution id="17631955-d77b-4547-ba90-6943505e1c6a" />
      <TestMethod codeBase="/home/runner/work/BuckScienceApp/BuckScienceApp/tests/BuckScience.Tests/bin/Debug/net8.0/BuckScience.Tests.dll" adapterTypeName="executor://xunit/VsTestRunner2/netcoreapp" className="BuckScience.Tests.Application.FeatureWeights.GetFeatureWeightsDateResolutionTests" name="HandleAsync_WithDate_DefaultMappings_ResolvesExpectedPrimarySeason" />
    </UnitTest>
    <UnitTest name="BuckScience.Tests.Application.FeatureWeights.GetFeatureWeightsDateResolutionTests.HandleAsync_WithDate_InvalidPropertyId_ThrowsInvalidOperationException" storage="/home/runner/work/buckscienceapp/buckscienceapp/tests/buckscience.tests/bin/debug/net8.0/buckscience.tests.dll" id="9d69f166-b376-a2ad-1cb5-4f5364963c50">
      <Execution id="9c3808b8-1526-4b21-82b2-2514a30819ca" />
      <TestMethod codeBase="/home/runner/work/BuckScienceApp/BuckScienceApp/tests/BuckScience.Tests/bin/Debug/net8.0/BuckScience.Tests.dll" adapterTypeName="executor://xunit/VsTestRunner2/netcoreapp" className="BuckScience.Tests.Application.FeatureWeights.GetFeatureWeightsDateResolutionTests" name="HandleAsync_WithDate_InvalidPropertyId_ThrowsInvalidOperationException" />
    </UnitTest>
    <UnitTest name="BuckScience.Tests.Application.FeatureWeights.GetFeatureWeightsDateResolutionTests.HandleAsync_WithDate_NoMatchingSeason_FallsBackToUserOrDefaultWeight" storage="/home/runner/work/buckscienceapp/buckscienceapp/tests/buckscience.tests/bin/debug/net8.0/buckscience.tests.dll" id="4cc42eb6-e899-4ec5-21b6-53546311ab9e">
      <Execution id="ee327c43-0053-4f9f-98a2-20651422bfe5" />
      <TestMethod codeBase="/home/runner/work/BuckScienceApp/BuckScienceApp/tests/BuckScience.Tests/bin/Debug/net8.0/BuckScience.Tests.dll" adapterTypeName="executor://xunit/VsTestRunner2/netcoreapp" className="BuckScience.Tests.Application.FeatureWeights.GetFeatureWeightsDateResolutionTests" name="HandleAsync_WithDate_NoMatchingSeason_FallsBackToUserOrDefaultWeight" />
    </UnitTest>
    <UnitTest name="BuckScience.Tests.Application.FeatureWeights.GetFeatureWeightsDateResolutionTests.HandleAsync_WithDate_DefaultSeasonMapping_ResolvesCorrectSeason" storage="/home/runner/work/buckscienceapp/buckscienceapp/tests/buckscience.tests/bin/debug/net8.0/buckscience.tests.dll" id="c2ecdd5b-e826-0361-04c0-37d21eeea23d">
      <Execution id="8f4ba9d9-959a-4d55-b63c-d968d4b87a00" />
      <TestMethod codeBase="/home/runner/work/BuckScienceApp/BuckScienceApp/tests/BuckScience.Tests/bin/Debug/net8.0/BuckScience.Tests.dll" adapterTypeName="executor://xunit/VsTestRunner2/netcoreapp" className="BuckScience.Tests.Application.FeatureWeights.GetFeatureWeightsDateResolutionTests" name="HandleAsync_WithDate_DefaultSeasonMapping_ResolvesCorrectSeason" />
    </UnitTest>
    <UnitTest name="BuckScience.Tests.Application.FeatureWeights.GetFeatureWeightsDateResolutionTests.HandleAsync_WithDate_DefaultMappings_ResolvesExpectedPrimarySeason(month: 11, expectedPrimarySeason: Rut)" storage="/home/runner/work/buckscienceapp/buckscienceapp/tests/buckscience.tests/bin/debug/net8.0/buckscience.tests.dll" id="f8565019-7e1a-d4d3-b349-7121ac8fabab">
      <Execution id="0e31458c-4eac-489e-b7b1-111e5bd030db" />
      <TestMethod codeBase="/home/runner/work/BuckScienceApp/BuckScienceApp/tests/BuckScience.Tests/bin/Debug/net8.0/BuckScience.Tests.dll" adapterTypeName="executor://xunit/VsTestRunner2/netcoreapp" className="BuckScience.Tests.Application.FeatureWeights.GetFeatureWeightsDateResolutionTests" name="HandleAsync_WithDate_DefaultMappings_ResolvesExpectedPrimarySeason" />
    </UnitTest>
  </TestDefinitions>
  <TestEntries>
    <TestEntry testId="9d69f166-b376-a2ad-1cb5-4f5364963c50" executionId="9c3808b8-1526-4b21-82b2-2514a30819ca" testListId="8c84fa94-04c1-424b-9868-57a2d4851a1d" />
    <TestEntry testId="67cea702-8500-937a-27c8-4c669b6e1597" executionId="17631955-d77b-4547-ba90-6943505e1c6a" testListId="8c84fa94-04c1-424b-9868-57a2d4851a1d" />
    <TestEntry testId="f3cf5dfa-ba92-e357-4965-81c40141969f" executionId="46dfce5e-0d6f-413e-89a9-b0c0e1f725c5" testListId="8c84fa94-04c1-424b-9868-57a2d4851a1d" />
    <TestEntry testId="72e4583e-7bd1-6573-8e0c-b7583f2d0b50" executionId="bee0a249-412f-4554-9673-fd4a86c10d7c" testListId="8c84fa94-04c1-424b-9868-57a2d4851a1d" />
    <TestEntry testId="a1c1968f-35fe-99e9-9ed5-6d92bfa17acb" executionId="d5774d3b-fa2e-4089-913a-7af21bcbc5a2" testListId="8c84fa94-04c1-424b-9868-57a2d4851a1d" />
    <TestEntry testId="f9384c4f-aa2b-58de-b1ef-2b7bf3f8d2db" executionId="c8d0ba64-1309-4e59-bd52-e4a09737ec03" testListId="8c84fa94-04c1-424b-9868-57a2d4851a1d" />
    <TestEntry testId="7bd29c22-0ac6-2593-21bd-543736f7e8f2" executionId="26389fd9-fc61-4fc3-a19b-ff7c1c941b12" testListId="8c84fa94-04c1-424b-9868-57a2d4851a1d" />
    <TestEntry testId="4cc42eb6-e899-4ec5-21b6-53546311ab9e" executionId="ee327c43-0053-4f9f-98a2-20651422bfe5" testListId="8c84fa94-04c1-424b-9868-57a2d4851a1d" />
    <TestEntry testId="f8565019-7e1a-d4d3-b349-7121ac8fabab" executionId="0e31458c-4eac-489e-b7b1-111e5bd030db" testListId="8c84fa94-04c1-424b-9868-57a2d4851a1d" />
    <TestEntry testId="c2ecdd5b-e826-0361-04c0-37d21eeea23d" executionId="8f4ba9d9-959a-4d55-b63c-d968d4b87a00" testListId="8c84fa94-04c1-424b-9868-57a2d4851a1d" />
  </TestEntries>
  <TestLists>
    <TestList name="Results Not in a List" id="8c84fa94-04c1-424b-9868-57a2d4851a1d" />
    <TestList name="All Loaded Results" id="19431567-8539-422a-85d7-44ee4e166bda" />
  </TestLists>
  <ResultSummary outcome="Failed">
    <Counters total="10" executed="10" passed="9" failed="1" error="0" timeout="0" aborted="0" inconclusive="0" passedButRunAborted="0" notRunnable="0" notExecuted="0" disconnected="0" warning="0" completed="0" inProgress="0" pending="0" />
    <Output>
      <StdOut>[xUnit.net 00:00:00.00] xUnit.net VSTest Adapter v2.4.5+1caef2f33e (64-bit .NET 8.0.19)
[xUnit.net 00:00:00.77]   Discovering: BuckScience.Tests
[xUnit.net 00:00:00.88]   Discovered:  BuckScience.Tests
[xUnit.net 00:00:00.89]   Starting:    BuckScience.Tests
[xUnit.net 00:00:02.12]       Assert.Equal() Failure
[xUnit.net 00:00:02.12]       Expected: PreRut
[xUnit.net 00:00:02.12]       Actual:   EarlySeason
[xUnit.net 00:00:02.12]       Stack Trace:
[xUnit.net 00:00:02.12]         /home/runner/work/BuckScienceApp/BuckScienceApp/tests/BuckScience.Tests/Application/FeatureWeights/GetFeatureWeightsDateResolutionTests.cs(146,0): at BuckScience.Tests.Application.FeatureWeights.GetFeatureWeightsDateResolutionTests.HandleAsync_WithDate_DefaultMappings_ResolvesExpectedPrimarySeason(Int32 month, Season expectedPrimarySeason)
[xUnit.net 00:00:02.12]         --- End of stack trace from previous location ---
[xUnit.net 00:00:02.14]   Finished:    BuckScience.Tests
</StdOut>
    </Output>
    <RunInfos>
      <RunInfo computerName="runnervmf4ws1" outcome="Error" timestamp="2025-09-10T21:41:15.4880257+00:00">
        <Text>[xUnit.net 00:00:02.12]     BuckScience.Tests.Application.FeatureWeights.GetFeatureWeightsDateResolutionTests.HandleAsync_WithDate_DefaultMappings_ResolvesExpectedPrimarySeason(month: 10, expectedPrimarySeason: PreRut) [FAIL]</Text>
      </RunInfo>
    </RunInfos>
  </ResultSummary>
</TestRun>