<?xml version="1.0" encoding="utf-8"?>
<TestRun id="d2a616fe-d811-4943-8701-2ce8f58d63dd" name="@runnervmf4ws1 2025-09-10 21:41:04" xmlns="http://microsoft.com/schemas/VisualStudio/TeamTest/2010">
  <Times creation="2025-09-10T21:41:04.2910437+00:00" queuing="2025-09-10T21:41:04.2910438+00:00" start="2025-09-10T21:41:02.8144837+00:00" finish="2025-09-10T21:41:04.2919243+00:00" />
  <TestSettings name="default" id="a354e291-09a2-41ac-945f-f0f56e3b11c6">
    <Deployment runDeploymentRoot="_runnervmf4ws1_2025-09-10_21_41_04" />
  </TestSettings>
  <TestLists>
    <TestList name="Results Not in a List" id="8c84fa94-04c1-424b-9868-57a2d4851a1d" />
    <TestList name="All Loaded Results" id="19431567-8539-422a-85d7-44ee4e166bda" />
  </TestLists>
  <ResultSummary outcome="Completed">
    <Counters total="0" executed="0" passed="0" failed="0" error="0" timeout="0" aborted="0" inconclusive="0" passedButRunAborted="0" notRunnable="0" notExecuted="0" disconnected="0" warning="0" completed="0" inProgress="0" pending="0" />
    <Output>
      <StdOut>[xUnit.net 00:00:00.00] xUnit.net VSTest Adapter v2.4.5+1caef2f33e (64-bit .NET 8.0.19)
[xUnit.net 00:00:00.74]   Discovering: BuckScience.Tests
[xUnit.net 00:00:00.85]   Discovered:  BuckScience.Tests
[xUnit.net 00:00:00.86]   Starting:    BuckScience.Tests
[xUnit.net 00:00:00.88]   Finished:    BuckScience.Tests
</StdOut>
    </Output>
    <RunInfos>
      <RunInfo computerName="runnervmf4ws1" outcome="Warning" timestamp="2025-09-10T21:41:04.1970026+00:00">
        <Text>No test matches the given testcase filter `*DateResolution*` in /home/runner/work/BuckScienceApp/BuckScienceApp/tests/BuckScience.Tests/bin/Debug/net8.0/BuckScience.Tests.dll</Text>
      </RunInfo>
    </RunInfos>
  </ResultSummary>
</TestRun>